<?xml version="1.0" encoding="UTF-8"?><mappingRoot xmlns="http://www.ibm.com/2008/ccl/Mapping" domainID="com.ibm.msl.mapping.xml" targetNamespace="http://JDBCTestModule/xslt/output_map_res_1" version="8.0.5.0" xmlns:map="http://JDBCTestModule/xslt/output_map_res_1">
    <input correlationContext="" message="{http://JDBCTestModule/JDBCImport}createDb2adminTestResponseMsg" sharedContext="" smoName="wsdl-primary" transientContext="" type="smo" types="" xpath="/body"/>
    <output correlationContext="" message="{http://JDBCTestModule/BPInterface}createResponseMsg" sharedContext="" smoName="wsdl-primary" transientContext="" type="smo" types="" xpath="/body"/>
    <namespaces>
        <namespace kind="supplement" prefix="io7" uri="http://www.ibm.com/xmlns/prod/websphere/http/sca/6.1.0"/>
        <namespace kind="supplement" prefix="io6" uri="http://www.ibm.com/xmlns/prod/websphere/mq/sca/6.0.0"/>
        <namespace kind="supplement" prefix="in" uri="http://JDBCTestModule/JDBCImport"/>
        <namespace kind="supplement" prefix="io" uri="http://www.ibm.com/xmlns/prod/websphere/j2ca/jdbc/db2admintest"/>
        <namespace kind="supplement" prefix="in2" uri="wsdl.http://JDBCTestModule/JDBCImport"/>
        <namespace kind="supplement" prefix="io3" uri="http://www.w3.org/2003/05/soap-envelope"/>
        <namespace kind="supplement" prefix="io2" uri="http://www.w3.org/2005/08/addressing"/>
        <namespace kind="supplement" prefix="in4" uri="http://com/ibm/j2ca/fault"/>
        <namespace kind="supplement" prefix="io5" uri="http://www.ibm.com/websphere/sibx/smo/v6.0.1"/>
        <namespace kind="supplement" prefix="io4" uri="http://schemas.xmlsoap.org/ws/2004/08/addressing"/>
        <namespace kind="supplement" prefix="in3" uri="http://com/ibm/j2ca/fault/afcfault"/>
        <namespace kind="supplement" prefix="out2" uri="http://JDBCTestModule"/>
        <namespace kind="supplement" prefix="out3" uri="http://JDBCTestModule/BPInterface"/>
        <namespace kind="supplement" prefix="out" uri="wsdl.http://JDBCTestModule/BPInterface"/>
    </namespaces>
    <mappingDeclaration name="output_map_res_1">
        <input path="body"/>
        <output path="body"/>
        <move>
            <input path="createDb2adminTestResponse/createDb2adminTestOutput"/>
            <output path="createResponse/output1"/>
        </move>
    </mappingDeclaration>
</mappingRoot>